d:\git_repository\taaramcu-ide\stm32_mydevelopment_framework\stm32f4_drivers\clock\inc\rcc_hwaccess.h:35:22:Set_SYSCLKSource	16	static
d:\git_repository\taaramcu-ide\stm32_mydevelopment_framework\stm32f4_drivers\clock\inc\rcc_hwaccess.h:47:36:Get_SYSCLKSource	4	static
d:\git_repository\taaramcu-ide\stm32_mydevelopment_framework\stm32f4_drivers\clock\inc\rcc_hwaccess.h:56:22:Set_AHBPrescaler	16	static
d:\git_repository\taaramcu-ide\stm32_mydevelopment_framework\stm32f4_drivers\clock\inc\rcc_hwaccess.h:61:24:Get_AHBPrescaler	16	static
d:\git_repository\taaramcu-ide\stm32_mydevelopment_framework\stm32f4_drivers\clock\inc\rcc_hwaccess.h:103:22:Set_APB1Prescaler	16	static
d:\git_repository\taaramcu-ide\stm32_mydevelopment_framework\stm32f4_drivers\clock\inc\rcc_hwaccess.h:108:23:Get_APB1Prescaler	16	static
d:\git_repository\taaramcu-ide\stm32_mydevelopment_framework\stm32f4_drivers\clock\inc\rcc_hwaccess.h:135:22:Set_APB2Prescaler	16	static
d:\git_repository\taaramcu-ide\stm32_mydevelopment_framework\stm32f4_drivers\clock\inc\rcc_hwaccess.h:140:23:Get_APB2Prescaler	16	static
d:\git_repository\taaramcu-ide\stm32_mydevelopment_framework\stm32f4_drivers\clock\inc\rcc_hwaccess.h:167:39:Integer2AHBPrescaler	24	static
d:\git_repository\taaramcu-ide\stm32_mydevelopment_framework\stm32f4_drivers\clock\inc\rcc_hwaccess.h:202:39:Integer2APBPrescaler	24	static
d:\git_repository\taaramcu-ide\stm32_mydevelopment_framework\stm32f4_drivers\clock\inc\rcc_hwaccess.h:232:33:Get_AllClockfromSYSCLK	40	static
d:\git_repository\taaramcu-ide\stm32_mydevelopment_framework\stm32f4_drivers\clock\inc\rcc_hwaccess.h:245:22:Set_PLLConfig	24	static
d:\git_repository\taaramcu-ide\stm32_mydevelopment_framework\stm32f4_drivers\clock\inc\rcc_hwaccess.h:258:24:Get_PLLFrequency	24	static
d:\git_repository\taaramcu-ide\stm32_mydevelopment_framework\stm32f4_drivers\clock\inc\rcc_hwaccess.h:277:40:Check_PeripheralBus	24	static
d:\git_repository\taaramcu-ide\stm32_mydevelopment_framework\stm32f4_drivers\clock\inc\rcc_hwaccess.h:303:22:Set_AHB1Peripheral	24	static
d:\git_repository\taaramcu-ide\stm32_mydevelopment_framework\stm32f4_drivers\clock\inc\rcc_hwaccess.h:319:22:Set_AHB2Peripheral	24	static
d:\git_repository\taaramcu-ide\stm32_mydevelopment_framework\stm32f4_drivers\clock\inc\rcc_hwaccess.h:335:22:Set_APB1Peripheral	24	static
d:\git_repository\taaramcu-ide\stm32_mydevelopment_framework\stm32f4_drivers\clock\inc\rcc_hwaccess.h:351:22:Set_APB2Peripheral	24	static
D:/Git_Repository/TaaraMCU-IDE/STM32_myDevelopment_Framework/STM32F4_Framework/../STM32F4_Drivers/CLOCK/src/CLOCK.c:60:6:Clock_PeripheralControl	24	static
D:/Git_Repository/TaaraMCU-IDE/STM32_myDevelopment_Framework/STM32F4_Framework/../STM32F4_Drivers/CLOCK/src/CLOCK.c:79:8:Clock_SetSYSCLKFreq	72	static
D:/Git_Repository/TaaraMCU-IDE/STM32_myDevelopment_Framework/STM32F4_Framework/../STM32F4_Drivers/CLOCK/src/CLOCK.c:132:8:Clock_SetPeripheralFreq	40	static
D:/Git_Repository/TaaraMCU-IDE/STM32_myDevelopment_Framework/STM32F4_Framework/../STM32F4_Drivers/CLOCK/src/CLOCK.c:206:8:Clock_GetPeripheralFreq	24	static
D:/Git_Repository/TaaraMCU-IDE/STM32_myDevelopment_Framework/STM32F4_Framework/../STM32F4_Drivers/CLOCK/src/CLOCK.c:228:15:Clock_GetSYSCLKFrequency	40	static
D:/Git_Repository/TaaraMCU-IDE/STM32_myDevelopment_Framework/STM32F4_Framework/../STM32F4_Drivers/CLOCK/src/CLOCK.c:267:15:Clock_GetAHBFrequency	16	static
D:/Git_Repository/TaaraMCU-IDE/STM32_myDevelopment_Framework/STM32F4_Framework/../STM32F4_Drivers/CLOCK/src/CLOCK.c:293:15:Clock_GetAPB1Frequency	16	static
D:/Git_Repository/TaaraMCU-IDE/STM32_myDevelopment_Framework/STM32F4_Framework/../STM32F4_Drivers/CLOCK/src/CLOCK.c:319:15:Clock_GetAPB2Frequency	16	static
