
Discarded input sections

 .group         0x00000000        0xc D:/Git_Repository/TaaraMCU-IDE/test_prj/test_TaaraFramework/output/main.o
 .group         0x00000000        0xc D:/Git_Repository/TaaraMCU-IDE/test_prj/test_TaaraFramework/output/main.o
 .group         0x00000000        0xc D:/Git_Repository/TaaraMCU-IDE/test_prj/test_TaaraFramework/output/main.o
 .group         0x00000000        0xc D:/Git_Repository/TaaraMCU-IDE/test_prj/test_TaaraFramework/output/main.o
 .group         0x00000000        0xc D:/Git_Repository/TaaraMCU-IDE/test_prj/test_TaaraFramework/output/main.o
 .group         0x00000000        0xc D:/Git_Repository/TaaraMCU-IDE/test_prj/test_TaaraFramework/output/main.o
 .group         0x00000000        0xc D:/Git_Repository/TaaraMCU-IDE/test_prj/test_TaaraFramework/output/main.o
 .group         0x00000000        0xc D:/Git_Repository/TaaraMCU-IDE/test_prj/test_TaaraFramework/output/stm32_startup.o
 .group         0x00000000        0xc D:/Git_Repository/TaaraMCU-IDE/test_prj/test_TaaraFramework/output/stm32_startup.o
 .group         0x00000000        0xc D:/Git_Repository/TaaraMCU-IDE/test_prj/test_TaaraFramework/output/stm32_startup.o
 .debug_macro   0x00000000      0xa6c D:/Git_Repository/TaaraMCU-IDE/test_prj/test_TaaraFramework/output/stm32_startup.o
 .group         0x00000000        0xc D:/Git_Repository/TaaraMCU-IDE/test_prj/test_TaaraFramework/output/result.o
 .debug_macro   0x00000000      0xa6c D:/Git_Repository/TaaraMCU-IDE/test_prj/test_TaaraFramework/output/result.o
 .group         0x00000000        0xc D:/Git_Repository/TaaraMCU-IDE/test_prj/test_TaaraFramework/output/system.o
 .group         0x00000000        0xc D:/Git_Repository/TaaraMCU-IDE/test_prj/test_TaaraFramework/output/system.o
 .group         0x00000000        0xc D:/Git_Repository/TaaraMCU-IDE/test_prj/test_TaaraFramework/output/system.o
 .group         0x00000000        0xc D:/Git_Repository/TaaraMCU-IDE/test_prj/test_TaaraFramework/output/system.o
 .group         0x00000000        0xc D:/Git_Repository/TaaraMCU-IDE/test_prj/test_TaaraFramework/output/system.o
 .group         0x00000000        0xc D:/Git_Repository/TaaraMCU-IDE/test_prj/test_TaaraFramework/output/system.o
 .group         0x00000000        0xc D:/Git_Repository/TaaraMCU-IDE/test_prj/test_TaaraFramework/output/system.o
 .group         0x00000000        0xc D:/Git_Repository/TaaraMCU-IDE/test_prj/test_TaaraFramework/output/system.o
 .group         0x00000000        0xc D:/Git_Repository/TaaraMCU-IDE/test_prj/test_TaaraFramework/output/system.o
 .debug_macro   0x00000000      0xa6c D:/Git_Repository/TaaraMCU-IDE/test_prj/test_TaaraFramework/output/system.o
 .debug_macro   0x00000000      0x174 D:/Git_Repository/TaaraMCU-IDE/test_prj/test_TaaraFramework/output/system.o
 .group         0x00000000        0xc D:/Git_Repository/TaaraMCU-IDE/test_prj/test_TaaraFramework/output/CLOCK.o
 .group         0x00000000        0xc D:/Git_Repository/TaaraMCU-IDE/test_prj/test_TaaraFramework/output/CLOCK.o
 .group         0x00000000        0xc D:/Git_Repository/TaaraMCU-IDE/test_prj/test_TaaraFramework/output/CLOCK.o
 .group         0x00000000        0xc D:/Git_Repository/TaaraMCU-IDE/test_prj/test_TaaraFramework/output/CLOCK.o
 .group         0x00000000        0xc D:/Git_Repository/TaaraMCU-IDE/test_prj/test_TaaraFramework/output/CLOCK.o
 .group         0x00000000        0xc D:/Git_Repository/TaaraMCU-IDE/test_prj/test_TaaraFramework/output/CLOCK.o
 .group         0x00000000        0xc D:/Git_Repository/TaaraMCU-IDE/test_prj/test_TaaraFramework/output/CLOCK.o
 .group         0x00000000        0xc D:/Git_Repository/TaaraMCU-IDE/test_prj/test_TaaraFramework/output/CLOCK.o
 .group         0x00000000        0xc D:/Git_Repository/TaaraMCU-IDE/test_prj/test_TaaraFramework/output/CLOCK.o
 .group         0x00000000        0xc D:/Git_Repository/TaaraMCU-IDE/test_prj/test_TaaraFramework/output/CLOCK.o
 .debug_macro   0x00000000      0xa6c D:/Git_Repository/TaaraMCU-IDE/test_prj/test_TaaraFramework/output/CLOCK.o
 .debug_macro   0x00000000      0x174 D:/Git_Repository/TaaraMCU-IDE/test_prj/test_TaaraFramework/output/CLOCK.o
 .debug_macro   0x00000000       0x6a D:/Git_Repository/TaaraMCU-IDE/test_prj/test_TaaraFramework/output/CLOCK.o
 .debug_macro   0x00000000       0x16 D:/Git_Repository/TaaraMCU-IDE/test_prj/test_TaaraFramework/output/CLOCK.o
 .debug_macro   0x00000000      0x718 D:/Git_Repository/TaaraMCU-IDE/test_prj/test_TaaraFramework/output/CLOCK.o
 .debug_macro   0x00000000       0x46 D:/Git_Repository/TaaraMCU-IDE/test_prj/test_TaaraFramework/output/CLOCK.o
 .debug_macro   0x00000000       0x22 D:/Git_Repository/TaaraMCU-IDE/test_prj/test_TaaraFramework/output/CLOCK.o

Memory Configuration

Name             Origin             Length             Attributes
FLASH            0x08000000         0x00080000         xr
RESULT_SRAM      0x20000000         0x00000004         xrw
SRAM             0x20000004         0x00017ffc         xrw
*default*        0x00000000         0xffffffff

Linker script and memory map

                0x00000400                __max_heap_size = 0x400
                0x00000200                __max_stack_size = 0x200

.text           0x08000000      0xbe0
 *(.isr_vector)
 .isr_vector    0x08000000       0x54 D:/Git_Repository/TaaraMCU-IDE/test_prj/test_TaaraFramework/output/stm32_startup.o
                0x08000000                vectors
 *(.text)
 .text          0x08000054        0x0 D:/Git_Repository/TaaraMCU-IDE/test_prj/test_TaaraFramework/output/main.o
 .text          0x08000054        0x0 D:/Git_Repository/TaaraMCU-IDE/test_prj/test_TaaraFramework/output/stm32_startup.o
 .text          0x08000054        0x0 D:/Git_Repository/TaaraMCU-IDE/test_prj/test_TaaraFramework/output/result.o
 .text          0x08000054        0x0 D:/Git_Repository/TaaraMCU-IDE/test_prj/test_TaaraFramework/output/system.o
 .text          0x08000054        0x0 D:/Git_Repository/TaaraMCU-IDE/test_prj/test_TaaraFramework/output/CLOCK.o
 *(.text*)
 .text.main     0x08000054       0x10 D:/Git_Repository/TaaraMCU-IDE/test_prj/test_TaaraFramework/output/main.o
                0x08000054                main
 .text.Reset_Handler
                0x08000064       0x84 D:/Git_Repository/TaaraMCU-IDE/test_prj/test_TaaraFramework/output/stm32_startup.o
                0x08000064                Reset_Handler
 .text.Default_Handler
                0x080000e8        0x6 D:/Git_Repository/TaaraMCU-IDE/test_prj/test_TaaraFramework/output/stm32_startup.o
                0x080000e8                RTC_Alarm_IRQHandler
                0x080000e8                HASH_RNG_IRQHandler
                0x080000e8                EXTI2_IRQHandler
                0x080000e8                TIM8_CC_IRQHandler
                0x080000e8                DebugMon_Handler
                0x080000e8                TIM1_CC_IRQHandler
                0x080000e8                DMA2_Stream5_IRQHandler
                0x080000e8                HardFault_Handler
                0x080000e8                DMA1_Stream5_IRQHandler
                0x080000e8                SysTick_Handler
                0x080000e8                PVD_IRQHandler
                0x080000e8                SDIO_IRQHandler
                0x080000e8                TAMP_STAMP_IRQHandler
                0x080000e8                PendSV_Handler
                0x080000e8                NMI_Handler
                0x080000e8                CAN2_RX1_IRQHandler
                0x080000e8                EXTI3_IRQHandler
                0x080000e8                TIM8_TRG_COM_TIM14_IRQHandler
                0x080000e8                TIM1_UP_TIM10_IRQHandler
                0x080000e8                TIM8_UP_TIM13_IRQHandler
                0x080000e8                I2C3_ER_IRQHandler
                0x080000e8                EXTI0_IRQHandler
                0x080000e8                I2C2_EV_IRQHandler
                0x080000e8                DMA1_Stream2_IRQHandler
                0x080000e8                CAN1_RX0_IRQHandler
                0x080000e8                FPU_IRQHandler
                0x080000e8                OTG_HS_WKUP_IRQHandler
                0x080000e8                UsageFault_Handler
                0x080000e8                CAN2_SCE_IRQHandler
                0x080000e8                DMA2_Stream2_IRQHandler
                0x080000e8                SPI1_IRQHandler
                0x080000e8                TIM6_DAC_IRQHandler
                0x080000e8                TIM1_BRK_TIM9_IRQHandler
                0x080000e8                DCMI_IRQHandler
                0x080000e8                CAN2_RX0_IRQHandler
                0x080000e8                DMA2_Stream3_IRQHandler
                0x080000e8                USART6_IRQHandler
                0x080000e8                USART3_IRQHandler
                0x080000e8                CRYP_IRQHandler
                0x080000e8                CAN1_RX1_IRQHandler
                0x080000e8                UART5_IRQHandler
                0x080000e8                DMA2_Stream0_IRQHandler
                0x080000e8                TIM4_IRQHandler
                0x080000e8                I2C1_EV_IRQHandler
                0x080000e8                DMA1_Stream6_IRQHandler
                0x080000e8                DMA1_Stream1_IRQHandler
                0x080000e8                UART4_IRQHandler
                0x080000e8                TIM3_IRQHandler
                0x080000e8                RCC_IRQHandler
                0x080000e8                TIM8_BRK_TIM12_IRQHandler
                0x080000e8                Default_Handler
                0x080000e8                EXTI15_10_IRQHandler
                0x080000e8                ADC_IRQHandler
                0x080000e8                DMA1_Stream7_IRQHandler
                0x080000e8                TIM7_IRQHandler
                0x080000e8                CAN2_TX_IRQHandler
                0x080000e8                TIM5_IRQHandler
                0x080000e8                DMA2_Stream7_IRQHandler
                0x080000e8                I2C3_EV_IRQHandler
                0x080000e8                EXTI9_5_IRQHandler
                0x080000e8                RTC_WKUP_IRQHandler
                0x080000e8                ETH_WKUP_IRQHandler
                0x080000e8                SPI2_IRQHandler
                0x080000e8                OTG_HS_EP1_IN_IRQHandler
                0x080000e8                MemManage_Handler
                0x080000e8                DMA1_Stream0_IRQHandler
                0x080000e8                CAN1_TX_IRQHandler
                0x080000e8                SVC_Handler
                0x080000e8                EXTI4_IRQHandler
                0x080000e8                FSMC_IRQHandler
                0x080000e8                ETH_IRQHandler
                0x080000e8                OTG_HS_EP1_OUT_IRQHandler
                0x080000e8                WWDG_IRQHandler
                0x080000e8                TIM2_IRQHandler
                0x080000e8                OTG_FS_WKUP_IRQHandler
                0x080000e8                TIM1_TRG_COM_TIM11_IRQHandler
                0x080000e8                OTG_HS_IRQHandler
                0x080000e8                EXTI1_IRQHandler
                0x080000e8                USART2_IRQHandler
                0x080000e8                I2C2_ER_IRQHandler
                0x080000e8                DMA2_Stream1_IRQHandler
                0x080000e8                CAN1_SCE_IRQHandler
                0x080000e8                DMA2_Stream4_IRQHandler
                0x080000e8                BusFault_Handler
                0x080000e8                USART1_IRQHandler
                0x080000e8                OTG_FS_IRQHandler
                0x080000e8                SPI3_IRQHandler
                0x080000e8                DMA1_Stream4_IRQHandler
                0x080000e8                I2C1_ER_IRQHandler
                0x080000e8                DMA2_Stream6_IRQHandler
                0x080000e8                DMA1_Stream3_IRQHandler
 *fill*         0x080000ee        0x2 
 .text.CHECK_RESULT
                0x080000f0       0x30 D:/Git_Repository/TaaraMCU-IDE/test_prj/test_TaaraFramework/output/result.o
                0x080000f0                CHECK_RESULT
 .text.DisableAllInterrupt
                0x08000120       0x10 D:/Git_Repository/TaaraMCU-IDE/test_prj/test_TaaraFramework/output/system.o
                0x08000120                DisableAllInterrupt
 .text.EnableAllInterrupt
                0x08000130       0x10 D:/Git_Repository/TaaraMCU-IDE/test_prj/test_TaaraFramework/output/system.o
                0x08000130                EnableAllInterrupt
 .text.sys_EnableIRQ
                0x08000140       0x4c D:/Git_Repository/TaaraMCU-IDE/test_prj/test_TaaraFramework/output/system.o
                0x08000140                sys_EnableIRQ
 .text.sys_DisableIRQ
                0x0800018c       0x38 D:/Git_Repository/TaaraMCU-IDE/test_prj/test_TaaraFramework/output/system.o
                0x0800018c                sys_DisableIRQ
 .text.sysinit  0x080001c4       0x18 D:/Git_Repository/TaaraMCU-IDE/test_prj/test_TaaraFramework/output/system.o
                0x080001c4                sysinit
 .text.Set_SYSCLKSource
                0x080001dc       0x38 D:/Git_Repository/TaaraMCU-IDE/test_prj/test_TaaraFramework/output/CLOCK.o
 .text.Get_SYSCLKSource
                0x08000214       0x20 D:/Git_Repository/TaaraMCU-IDE/test_prj/test_TaaraFramework/output/CLOCK.o
 .text.Set_AHBPrescaler
                0x08000234       0x38 D:/Git_Repository/TaaraMCU-IDE/test_prj/test_TaaraFramework/output/CLOCK.o
 .text.Get_AHBPrescaler
                0x0800026c       0xb0 D:/Git_Repository/TaaraMCU-IDE/test_prj/test_TaaraFramework/output/CLOCK.o
 .text.Set_APB1Prescaler
                0x0800031c       0x38 D:/Git_Repository/TaaraMCU-IDE/test_prj/test_TaaraFramework/output/CLOCK.o
 .text.Get_APB1Prescaler
                0x08000354       0x6c D:/Git_Repository/TaaraMCU-IDE/test_prj/test_TaaraFramework/output/CLOCK.o
 .text.Set_APB2Prescaler
                0x080003c0       0x38 D:/Git_Repository/TaaraMCU-IDE/test_prj/test_TaaraFramework/output/CLOCK.o
 .text.Get_APB2Prescaler
                0x080003f8       0x6c D:/Git_Repository/TaaraMCU-IDE/test_prj/test_TaaraFramework/output/CLOCK.o
 .text.Integer2AHBPrescaler
                0x08000464       0xc0 D:/Git_Repository/TaaraMCU-IDE/test_prj/test_TaaraFramework/output/CLOCK.o
 .text.Integer2APBPrescaler
                0x08000524       0x8c D:/Git_Repository/TaaraMCU-IDE/test_prj/test_TaaraFramework/output/CLOCK.o
 .text.Get_AllClockfromSYSCLK
                0x080005b0       0x50 D:/Git_Repository/TaaraMCU-IDE/test_prj/test_TaaraFramework/output/CLOCK.o
 .text.Set_PLLConfig
                0x08000600       0x44 D:/Git_Repository/TaaraMCU-IDE/test_prj/test_TaaraFramework/output/CLOCK.o
 .text.Get_PLLFrequency
                0x08000644       0x7c D:/Git_Repository/TaaraMCU-IDE/test_prj/test_TaaraFramework/output/CLOCK.o
 .text.Check_PeripheralBus
                0x080006c0       0x4c D:/Git_Repository/TaaraMCU-IDE/test_prj/test_TaaraFramework/output/CLOCK.o
 .text.Set_AHB1Peripheral
                0x0800070c       0x54 D:/Git_Repository/TaaraMCU-IDE/test_prj/test_TaaraFramework/output/CLOCK.o
 .text.Set_AHB2Peripheral
                0x08000760       0x58 D:/Git_Repository/TaaraMCU-IDE/test_prj/test_TaaraFramework/output/CLOCK.o
 .text.Set_APB1Peripheral
                0x080007b8       0x58 D:/Git_Repository/TaaraMCU-IDE/test_prj/test_TaaraFramework/output/CLOCK.o
 .text.Set_APB2Peripheral
                0x08000810       0x58 D:/Git_Repository/TaaraMCU-IDE/test_prj/test_TaaraFramework/output/CLOCK.o
 .text.Clock_PeripheralControl
                0x08000868       0x38 D:/Git_Repository/TaaraMCU-IDE/test_prj/test_TaaraFramework/output/CLOCK.o
                0x08000868                Clock_PeripheralControl
 .text.Clock_SetSYSCLKFreq
                0x080008a0       0xcc D:/Git_Repository/TaaraMCU-IDE/test_prj/test_TaaraFramework/output/CLOCK.o
                0x080008a0                Clock_SetSYSCLKFreq
 .text.Clock_SetPeripheralFreq
                0x0800096c      0x10c D:/Git_Repository/TaaraMCU-IDE/test_prj/test_TaaraFramework/output/CLOCK.o
                0x0800096c                Clock_SetPeripheralFreq
 .text.Clock_GetPeripheralFreq
                0x08000a78       0x34 D:/Git_Repository/TaaraMCU-IDE/test_prj/test_TaaraFramework/output/CLOCK.o
                0x08000a78                Clock_GetPeripheralFreq
 .text.Clock_GetSYSCLKFrequency
                0x08000aac       0x74 D:/Git_Repository/TaaraMCU-IDE/test_prj/test_TaaraFramework/output/CLOCK.o
 .text.Clock_GetAHBFrequency
                0x08000b20       0x40 D:/Git_Repository/TaaraMCU-IDE/test_prj/test_TaaraFramework/output/CLOCK.o
 .text.Clock_GetAPB1Frequency
                0x08000b60       0x40 D:/Git_Repository/TaaraMCU-IDE/test_prj/test_TaaraFramework/output/CLOCK.o
 .text.Clock_GetAPB2Frequency
                0x08000ba0       0x40 D:/Git_Repository/TaaraMCU-IDE/test_prj/test_TaaraFramework/output/CLOCK.o
 *(.init)
 *(.fini)
 *(.rodata)
 *(.rodata.*)
                0x08000be0                . = ALIGN (0x4)
                0x08000be0                _etext = .
                0x08000be0                _la_data = LOADADDR (.data)

.glue_7         0x08000be0        0x0
 .glue_7        0x08000be0        0x0 linker stubs

.glue_7t        0x08000be0        0x0
 .glue_7t       0x08000be0        0x0 linker stubs

.vfp11_veneer   0x08000be0        0x0
 .vfp11_veneer  0x08000be0        0x0 linker stubs

.v4_bx          0x08000be0        0x0
 .v4_bx         0x08000be0        0x0 linker stubs

.iplt           0x08000be0        0x0
 .iplt          0x08000be0        0x0 D:/Git_Repository/TaaraMCU-IDE/test_prj/test_TaaraFramework/output/stm32_startup.o

.rel.dyn        0x08000be0        0x0
 .rel.iplt      0x08000be0        0x0 D:/Git_Repository/TaaraMCU-IDE/test_prj/test_TaaraFramework/output/stm32_startup.o

.data           0x20000004       0x20 load address 0x08000be0
                0x20000004                _sdata = .
 *(.data)
 .data          0x20000004        0x0 D:/Git_Repository/TaaraMCU-IDE/test_prj/test_TaaraFramework/output/main.o
 .data          0x20000004        0x0 D:/Git_Repository/TaaraMCU-IDE/test_prj/test_TaaraFramework/output/stm32_startup.o
 .data          0x20000004        0x0 D:/Git_Repository/TaaraMCU-IDE/test_prj/test_TaaraFramework/output/result.o
 .data          0x20000004        0x0 D:/Git_Repository/TaaraMCU-IDE/test_prj/test_TaaraFramework/output/system.o
 .data          0x20000004        0x0 D:/Git_Repository/TaaraMCU-IDE/test_prj/test_TaaraFramework/output/CLOCK.o
 *(.data.*)
 .data.Set_PeripheralClock
                0x20000004       0x10 D:/Git_Repository/TaaraMCU-IDE/test_prj/test_TaaraFramework/output/CLOCK.o
 .data.Clock_GetBusFreq
                0x20000014       0x10 D:/Git_Repository/TaaraMCU-IDE/test_prj/test_TaaraFramework/output/CLOCK.o
                0x20000024                . = ALIGN (0x4)
                0x20000024                _edata = .

.igot.plt       0x20000024        0x0 load address 0x08000c00
 .igot.plt      0x20000024        0x0 D:/Git_Repository/TaaraMCU-IDE/test_prj/test_TaaraFramework/output/stm32_startup.o

.bss            0x20000024       0x10 load address 0x08000c00
                0x20000024                _sbss = .
                0x20000024                __bss_start__ = _sbss
 *(.bss)
 .bss           0x20000024        0x0 D:/Git_Repository/TaaraMCU-IDE/test_prj/test_TaaraFramework/output/main.o
 .bss           0x20000024        0x0 D:/Git_Repository/TaaraMCU-IDE/test_prj/test_TaaraFramework/output/stm32_startup.o
 .bss           0x20000024        0x0 D:/Git_Repository/TaaraMCU-IDE/test_prj/test_TaaraFramework/output/result.o
 .bss           0x20000024        0x0 D:/Git_Repository/TaaraMCU-IDE/test_prj/test_TaaraFramework/output/system.o
 .bss           0x20000024        0x0 D:/Git_Repository/TaaraMCU-IDE/test_prj/test_TaaraFramework/output/CLOCK.o
 *(.bss.*)
 .bss.s_ClockFreq
                0x20000024       0x10 D:/Git_Repository/TaaraMCU-IDE/test_prj/test_TaaraFramework/output/CLOCK.o
                0x20000034                . = ALIGN (0x4)
                0x20000034                _ebss = .
                0x20000034                __bss_end__ = _ebss
                0x20000034                . = ALIGN (0x4)
                0x20000034                end = .
                0x20000034                __end__ = .

.result         0x20000000        0x4
 *(.result)
 .result        0x20000000        0x4 D:/Git_Repository/TaaraMCU-IDE/test_prj/test_TaaraFramework/output/result.o
LOAD D:/Git_Repository/TaaraMCU-IDE/test_prj/test_TaaraFramework/output/main.o
LOAD D:/Git_Repository/TaaraMCU-IDE/test_prj/test_TaaraFramework/output/stm32_startup.o
LOAD D:/Git_Repository/TaaraMCU-IDE/test_prj/test_TaaraFramework/output/result.o
LOAD D:/Git_Repository/TaaraMCU-IDE/test_prj/test_TaaraFramework/output/system.o
LOAD D:/Git_Repository/TaaraMCU-IDE/test_prj/test_TaaraFramework/output/CLOCK.o
OUTPUT(D:/Git_Repository/TaaraMCU-IDE/test_prj/test_TaaraFramework/output/test_TaaraFramework.elf elf32-littlearm)
LOAD linker stubs

.debug_info     0x00000000     0x14a0
 .debug_info    0x00000000       0x86 D:/Git_Repository/TaaraMCU-IDE/test_prj/test_TaaraFramework/output/main.o
 .debug_info    0x00000086      0x16d D:/Git_Repository/TaaraMCU-IDE/test_prj/test_TaaraFramework/output/stm32_startup.o
 .debug_info    0x000001f3       0x74 D:/Git_Repository/TaaraMCU-IDE/test_prj/test_TaaraFramework/output/result.o
 .debug_info    0x00000267      0x682 D:/Git_Repository/TaaraMCU-IDE/test_prj/test_TaaraFramework/output/system.o
 .debug_info    0x000008e9      0xbb7 D:/Git_Repository/TaaraMCU-IDE/test_prj/test_TaaraFramework/output/CLOCK.o

.debug_abbrev   0x00000000      0x4b6
 .debug_abbrev  0x00000000       0x47 D:/Git_Repository/TaaraMCU-IDE/test_prj/test_TaaraFramework/output/main.o
 .debug_abbrev  0x00000047       0xe7 D:/Git_Repository/TaaraMCU-IDE/test_prj/test_TaaraFramework/output/stm32_startup.o
 .debug_abbrev  0x0000012e       0x5e D:/Git_Repository/TaaraMCU-IDE/test_prj/test_TaaraFramework/output/result.o
 .debug_abbrev  0x0000018c      0x101 D:/Git_Repository/TaaraMCU-IDE/test_prj/test_TaaraFramework/output/system.o
 .debug_abbrev  0x0000028d      0x229 D:/Git_Repository/TaaraMCU-IDE/test_prj/test_TaaraFramework/output/CLOCK.o

.debug_aranges  0x00000000      0x190
 .debug_aranges
                0x00000000       0x20 D:/Git_Repository/TaaraMCU-IDE/test_prj/test_TaaraFramework/output/main.o
 .debug_aranges
                0x00000020       0x28 D:/Git_Repository/TaaraMCU-IDE/test_prj/test_TaaraFramework/output/stm32_startup.o
 .debug_aranges
                0x00000048       0x20 D:/Git_Repository/TaaraMCU-IDE/test_prj/test_TaaraFramework/output/result.o
 .debug_aranges
                0x00000068       0x40 D:/Git_Repository/TaaraMCU-IDE/test_prj/test_TaaraFramework/output/system.o
 .debug_aranges
                0x000000a8       0xe8 D:/Git_Repository/TaaraMCU-IDE/test_prj/test_TaaraFramework/output/CLOCK.o

.debug_ranges   0x00000000      0x140
 .debug_ranges  0x00000000       0x10 D:/Git_Repository/TaaraMCU-IDE/test_prj/test_TaaraFramework/output/main.o
 .debug_ranges  0x00000010       0x18 D:/Git_Repository/TaaraMCU-IDE/test_prj/test_TaaraFramework/output/stm32_startup.o
 .debug_ranges  0x00000028       0x10 D:/Git_Repository/TaaraMCU-IDE/test_prj/test_TaaraFramework/output/result.o
 .debug_ranges  0x00000038       0x30 D:/Git_Repository/TaaraMCU-IDE/test_prj/test_TaaraFramework/output/system.o
 .debug_ranges  0x00000068       0xd8 D:/Git_Repository/TaaraMCU-IDE/test_prj/test_TaaraFramework/output/CLOCK.o

.debug_macro    0x00000000     0x2177
 .debug_macro   0x00000000       0x63 D:/Git_Repository/TaaraMCU-IDE/test_prj/test_TaaraFramework/output/main.o
 .debug_macro   0x00000063      0xa6c D:/Git_Repository/TaaraMCU-IDE/test_prj/test_TaaraFramework/output/main.o
 .debug_macro   0x00000acf       0x22 D:/Git_Repository/TaaraMCU-IDE/test_prj/test_TaaraFramework/output/main.o
 .debug_macro   0x00000af1       0x8e D:/Git_Repository/TaaraMCU-IDE/test_prj/test_TaaraFramework/output/main.o
 .debug_macro   0x00000b7f       0x51 D:/Git_Repository/TaaraMCU-IDE/test_prj/test_TaaraFramework/output/main.o
 .debug_macro   0x00000bd0      0x103 D:/Git_Repository/TaaraMCU-IDE/test_prj/test_TaaraFramework/output/main.o
 .debug_macro   0x00000cd3       0x6a D:/Git_Repository/TaaraMCU-IDE/test_prj/test_TaaraFramework/output/main.o
 .debug_macro   0x00000d3d      0x1df D:/Git_Repository/TaaraMCU-IDE/test_prj/test_TaaraFramework/output/main.o
 .debug_macro   0x00000f1c       0x41 D:/Git_Repository/TaaraMCU-IDE/test_prj/test_TaaraFramework/output/stm32_startup.o
 .debug_macro   0x00000f5d      0x174 D:/Git_Repository/TaaraMCU-IDE/test_prj/test_TaaraFramework/output/stm32_startup.o
 .debug_macro   0x000010d1       0x6a D:/Git_Repository/TaaraMCU-IDE/test_prj/test_TaaraFramework/output/stm32_startup.o
 .debug_macro   0x0000113b       0x11 D:/Git_Repository/TaaraMCU-IDE/test_prj/test_TaaraFramework/output/result.o
 .debug_macro   0x0000114c       0x8b D:/Git_Repository/TaaraMCU-IDE/test_prj/test_TaaraFramework/output/system.o
 .debug_macro   0x000011d7       0x6a D:/Git_Repository/TaaraMCU-IDE/test_prj/test_TaaraFramework/output/system.o
 .debug_macro   0x00001241      0x344 D:/Git_Repository/TaaraMCU-IDE/test_prj/test_TaaraFramework/output/system.o
 .debug_macro   0x00001585       0x16 D:/Git_Repository/TaaraMCU-IDE/test_prj/test_TaaraFramework/output/system.o
 .debug_macro   0x0000159b      0x718 D:/Git_Repository/TaaraMCU-IDE/test_prj/test_TaaraFramework/output/system.o
 .debug_macro   0x00001cb3       0x16 D:/Git_Repository/TaaraMCU-IDE/test_prj/test_TaaraFramework/output/system.o
 .debug_macro   0x00001cc9       0x46 D:/Git_Repository/TaaraMCU-IDE/test_prj/test_TaaraFramework/output/system.o
 .debug_macro   0x00001d0f       0x22 D:/Git_Repository/TaaraMCU-IDE/test_prj/test_TaaraFramework/output/system.o
 .debug_macro   0x00001d31       0xa0 D:/Git_Repository/TaaraMCU-IDE/test_prj/test_TaaraFramework/output/CLOCK.o
 .debug_macro   0x00001dd1       0x10 D:/Git_Repository/TaaraMCU-IDE/test_prj/test_TaaraFramework/output/CLOCK.o
 .debug_macro   0x00001de1      0x344 D:/Git_Repository/TaaraMCU-IDE/test_prj/test_TaaraFramework/output/CLOCK.o
 .debug_macro   0x00002125       0x52 D:/Git_Repository/TaaraMCU-IDE/test_prj/test_TaaraFramework/output/CLOCK.o

.debug_line     0x00000000      0xf2e
 .debug_line    0x00000000      0x1aa D:/Git_Repository/TaaraMCU-IDE/test_prj/test_TaaraFramework/output/main.o
 .debug_line    0x000001aa      0x1c9 D:/Git_Repository/TaaraMCU-IDE/test_prj/test_TaaraFramework/output/stm32_startup.o
 .debug_line    0x00000373       0xac D:/Git_Repository/TaaraMCU-IDE/test_prj/test_TaaraFramework/output/result.o
 .debug_line    0x0000041f      0x2ae D:/Git_Repository/TaaraMCU-IDE/test_prj/test_TaaraFramework/output/system.o
 .debug_line    0x000006cd      0x861 D:/Git_Repository/TaaraMCU-IDE/test_prj/test_TaaraFramework/output/CLOCK.o

.debug_str      0x00000000     0x95d1
 .debug_str     0x00000000     0x3ab2 D:/Git_Repository/TaaraMCU-IDE/test_prj/test_TaaraFramework/output/main.o
                               0x3c0d (size before relaxing)
 .debug_str     0x00003ab2      0x512 D:/Git_Repository/TaaraMCU-IDE/test_prj/test_TaaraFramework/output/stm32_startup.o
                               0x3293 (size before relaxing)
 .debug_str     0x00003fc4       0x9f D:/Git_Repository/TaaraMCU-IDE/test_prj/test_TaaraFramework/output/result.o
                               0x2d55 (size before relaxing)
 .debug_str     0x00004063     0x4b7d D:/Git_Repository/TaaraMCU-IDE/test_prj/test_TaaraFramework/output/system.o
                               0x7cee (size before relaxing)
 .debug_str     0x00008be0      0x9f1 D:/Git_Repository/TaaraMCU-IDE/test_prj/test_TaaraFramework/output/CLOCK.o
                               0x847b (size before relaxing)

.comment        0x00000000       0x49
 .comment       0x00000000       0x49 D:/Git_Repository/TaaraMCU-IDE/test_prj/test_TaaraFramework/output/main.o
                                 0x4a (size before relaxing)
 .comment       0x00000049       0x4a D:/Git_Repository/TaaraMCU-IDE/test_prj/test_TaaraFramework/output/stm32_startup.o
 .comment       0x00000049       0x4a D:/Git_Repository/TaaraMCU-IDE/test_prj/test_TaaraFramework/output/result.o
 .comment       0x00000049       0x4a D:/Git_Repository/TaaraMCU-IDE/test_prj/test_TaaraFramework/output/system.o
 .comment       0x00000049       0x4a D:/Git_Repository/TaaraMCU-IDE/test_prj/test_TaaraFramework/output/CLOCK.o

.ARM.attributes
                0x00000000       0x34
 .ARM.attributes
                0x00000000       0x34 D:/Git_Repository/TaaraMCU-IDE/test_prj/test_TaaraFramework/output/main.o
 .ARM.attributes
                0x00000034       0x34 D:/Git_Repository/TaaraMCU-IDE/test_prj/test_TaaraFramework/output/stm32_startup.o
 .ARM.attributes
                0x00000068       0x34 D:/Git_Repository/TaaraMCU-IDE/test_prj/test_TaaraFramework/output/result.o
 .ARM.attributes
                0x0000009c       0x34 D:/Git_Repository/TaaraMCU-IDE/test_prj/test_TaaraFramework/output/system.o
 .ARM.attributes
                0x000000d0       0x34 D:/Git_Repository/TaaraMCU-IDE/test_prj/test_TaaraFramework/output/CLOCK.o

.debug_frame    0x00000000      0x570
 .debug_frame   0x00000000       0x30 D:/Git_Repository/TaaraMCU-IDE/test_prj/test_TaaraFramework/output/main.o
 .debug_frame   0x00000030       0x4c D:/Git_Repository/TaaraMCU-IDE/test_prj/test_TaaraFramework/output/stm32_startup.o
 .debug_frame   0x0000007c       0x38 D:/Git_Repository/TaaraMCU-IDE/test_prj/test_TaaraFramework/output/result.o
 .debug_frame   0x000000b4       0xbc D:/Git_Repository/TaaraMCU-IDE/test_prj/test_TaaraFramework/output/system.o
 .debug_frame   0x00000170      0x400 D:/Git_Repository/TaaraMCU-IDE/test_prj/test_TaaraFramework/output/CLOCK.o
